carrie@ubuntu:/debugging$ cat main.c
#include "main.h"

/**
* main - tests function that prints if integer is positive or negative
* Return: 0
*/

int main(void)
{
        int i;

        i = 98;
        positive_or_negative(i);

        return (0);
}
carrie@ubuntu:/debugging$
carrie@ubuntu:/debugging$ cat main.h
#ifndef MAIN_H
#define MAIN_H

#include <stdio.h>

void positive_or_negative(int i);

#endif /* MAIN_H */
carrie@ubuntu:/debugging$

carrie@ubuntu:/debugging$ gcc -Wall -pedantic -Werror -Wextra -std=gnu89 positive_or_negative.c main.c
carrie@ubuntu:/debugging$ ./a.out
98 is positive
carrie@ubuntu:/debugging$B
carrie@ubuntu:/debugging$ gcc -Wall -pedantic -Werror -Wextra -std=gnu89 positive_or_negative.c 0-main.c -o 0-main
carrie@ubuntu:/debugging$ ./0-main
0 is zero
carrie@ubuntu:/debugging$ wc -l 0-main.c
16 1-main.c
carrie@ubuntu:/debugging$
carrie@ubuntu:/debugging$ cat 1-main.c
#include <stdio.h>

/**
* main - causes an infinite loop
* Return: 0
*/

int main(void)
{
        int i;

        printf("Infinite loop incoming :(\n");

        i = 0;

        while (i < 10)
        {
                putchar(i);
        }

        printf("Infinite loop avoided! \\o/\n");

        return (0);
}
carrie@ubuntu:/debugging$

carrie@ubuntu:/debugging$ cat 2-main.c
#include <stdio.h>
#include "main.h"

/**
* main - prints the largest of 3 integers
* Return: 0
*/

int main(void)
{
        int a, b, c;
        int largest;

        a = 972;
        b = -98;
        c = 0;

        largest = largest_number(a, b, c);

        printf("%d is the largest number\n", largest);

        return (0);
}
carrie@ubuntu:/debugging$
carrie@ubuntu:/debugging$ cat 2-largest_number.c
#include "main.h"

/**
 * largest_number - returns the largest of 3 numbers
 * @a: first integer
 * @b: second integer
 * @c: third integer
 * Return: largest number
 */

int largest_number(int a, int b, int c)
{
    int largest;

    if (a > b && b > c)
    {
        largest = a;
    }
    else if (b > a && a > c)
    {
        largest = b;
    }
    else
    {
        largest = c;
    }

    return (largest);
}

carrie@ubuntu:/debugging$
carrie@ubuntu:/debugging$ gcc -Wall -Werror -Wextra -pedantic -std=gnu89 2-largest_number.c 2-main.c -o 2-main
carrie@ubuntu:/debugging$ ./2-main
0 is the largest number
carrie@ubuntu:/debugging$
carrie@ubuntu:/debugging$ cat 3-main_a.c
#include <stdio.h>
#include "main.h"

/**
* main - takes a date and prints how many days are left in the year, taking
* leap years into account
* Return: 0
*/

int main(void)
{
    int month;
    int day;
    int year;

    month = 4;
    day = 01;
    year = 1997;

    printf("Date: %02d/%02d/%04d\n", month, day, year);

    day = convert_day(month, day);

    print_remaining_days(month, day, year);

    return (0);
}

carrie@ubuntu:/debugging$

carrie@ubuntu:/debugging$ cat 3-convert_day.c
#include "main.h"

/**
* convert_day - converts day of month to day of year, without accounting
* for leap year
* @month: month in number format
* @day: day of month
* Return: day of year
*/

int convert_day(int month, int day)
{
    switch (month)
    {
        case 2:
            day = 31 + day;
            break;
        case 3:
            day = 59 + day;
            break;
        case 4:
            day = 90 + day;
            break;
        case 5:
            day = 120 + day;
            break;
        case 6:
            day = 151 + day;
            break;
        case 7:
            day = 181 + day;
            break;
        case 8:
            day = 212 + day;
            break;
        case 9:
            day = 243 + day;
            break;
        case 10:
            day = 273 + day;
            break;
        case 11:
            day = 304 + day;
            break;
        case 12:
            day = 334 + day;
            break;
        default:
            break;
    }
    return (day);
}

carrie@ubuntu:/debugging$
carrie@ubuntu:/debugging$ cat 3-print_remaining_days.c
#include <stdio.h>
#include "main.h"

/**
* print_remaining_days - takes a date and prints how many days are
* left in the year, taking leap years into account
* @month: month in number format
* @day: day of month
* @year: year
* Return: void
*/

void print_remaining_days(int month, int day, int year)
{
    if ((year % 4 == 0 || year % 400 == 0) && !(year % 100 == 0))
    {
        if (month >= 2 && day >= 60)
        {
            day++;
        }

        printf("Day of the year: %d\n", day);
        printf("Remaining days: %d\n", 366 - day);
    }
    else
    {
        if (month == 2 && day == 60)
        {
            printf("Invalid date: %02d/%02d/%04d\n", month, day - 31, year);
        }
        else
        {
            printf("Day of the year: %d\n", day);
            printf("Remaining days: %d\n", 365 - day);
        }
    }
}

carrie@ubuntu:/debugging$ 

carrie@ubuntu:/debugging$ gcc -Wall -Werror -Wextra -pedantic -std=gnu89 3-convert_day.c 3-print_remaining_days.c 3-main_a.c -o 3-main_a 
carrie@ubuntu:/debugging$ ./3-main_a
Date: 04/01/1997
Day of the year: 91
Remaining days: 274
carrie@ubuntu:/debugging$
carrie@ubuntu:/debugging$ gcc -Wall -Werror -Wextra -pedantic -std=gnu89 3-convert_day.c 3-print_remaining_days.c 3-main_b.c -o 3-main_b 
carrie@ubuntu:/debugging$ ./3-main_b
Date: 02/29/2000
Invalid date: 02/29/2000
carrie@ubuntu:/debugging$






















































